---
source: crates/keyland/tests/run.rs
expression: "format!(\"{NIL:?}\")"
---
()
